python : C
:\Users\Us
er\anacond
a3\Lib\sit
e-packages
\torch\cud
a\__init__
.py:58: Fu
tureWarnin
g: The 
pynvml 
package 
is depreca
ted. 
Please 
install nv
idia-ml-py
 instead. 
If you 
did not 
install 
pynvml 
directly, 
please 
report 
this to 
the mainta
iners of 
the 
package 
that 
installed 
pynvml 
for you.
At line:1 
char:1
+ python s
imple_test
.py > test
_output.tx
t 2>&1; 
cat test_o
utput.txt
+ ~~~~~~~~
~~~~~~~~~~
~~~~~~~~~~
~~~~~~~~~~
~~~~~~
    + Cat 
   egory  
  Info    
          
    :     
NotS    
pecif    
ied:     
(C:\U    
sers\    
User\    
a...p    
ynvml     
for     
you.:    
Strin    
g) []    
, Rem    
oteEx    
cepti    
on
    + Ful 
   lyQua  
  lifie   
 dErro    
rId :     
Nati    
veCom    
mandE    
rror
 
  import 
pynvml  # 
type: igno
re[import]
Python version: 3.12.3 | packaged by conda-forge | (main, Apr 15 2024, 18:20:11) [MSC v.1938 64 bit (AMD64)]

Testing imports...

Traceback 
(most 
recent 
call 
last):
  File "C:
\Users\Use
r\OneDrive
\Documents
\Desktop\G
reenTensor
 FullStack
\GreenTens
or\greente
nsor\simpl
e_test.py"
, line 
11, in 
<module>
    print(
f"\u2713 
torch: {to
rch.__vers
ion__}")
  File "C:
\Users\Use
r\anaconda
3\Lib\enco
dings\cp12
52.py", 
line 19, 
in encode
    
return cod
ecs.charma
p_encode(i
nput,self.
errors,enc
oding_tabl
e)[0]
          
 ^^^^^^^^^
^^^^^^^^^^
^^^^^^^^^^
^^^^^^^^^^
^^^^^^^^^^
^^^^^^
UnicodeEnc
odeError: 
'charmap' 
codec 
can't 
encode 
character 
'\u2713' 
in 
position 
0: 
character 
maps to <u
ndefined>

During 
handling 
of the 
above exce
ption, 
another 
exception 
occurred:

Traceback 
(most 
recent 
call 
last):
  File "C:
\Users\Use
r\OneDrive
\Documents
\Desktop\G
reenTensor
 FullStack
\GreenTens
or\greente
nsor\simpl
e_test.py"
, line 
14, in 
<module>
    print(
f"\u2717 
torch: 
{e}")
  File "C:
\Users\Use
r\anaconda
3\Lib\enco
dings\cp12
52.py", 
line 19, 
in encode
    
return cod
ecs.charma
p_encode(i
nput,self.
errors,enc
oding_tabl
e)[0]
          
 ^^^^^^^^^
^^^^^^^^^^
^^^^^^^^^^
^^^^^^^^^^
^^^^^^^^^^
^^^^^^
UnicodeEnc
odeError: 
'charmap' 
codec 
can't 
encode 
character 
'\u2717' 
in 
position 
0: 
character 
maps to <u
ndefined>
